bbasc30
bbasd30
bbasd32
bbasc29
bbdcd30
bbdcd32
bbdcd34
bbdcd33
bovae72
brfsd46
bvmfc11
bvmfc12
bvmfd11
bvmfd12
bvmfd13
bvmfd14
bvmfd15
bvmfd30
bvmfd31
ccrod34
ccrod42
cespd24
cmigd32
cpfed38
csnad67
csnad68
csnad72
ecodc11
ecodc12
ecodd11
ecodd12
ecodd13
ecodd14
ecodd15
ecode12
fftld20
fibrd38
ggbrd25
ggbrd28
ggbrd30
ggbrc80
ggbrc27
ggbrd27
golld26
itsad11
itsad12
itsad13
itsad39
itubd38
itubd40
keplc40
maggd40
netcc3
netcc4
netcd1
netcd11
netcd5
netcd6
netcd7
ogxpc16
ogxpc17
ogxpc18
ogxpc20
ogxpd15
ogxpd16
ogxpd17
ogxpd18
ogxpd19
ogxpd20
ogxpd21
ogxpd22
ogxpe16
ogxpe17
ogxpe18
petrf82
petrc28
petrc30
petrc32
petrc34
petrc36
petrc38
petrd24
petrd26
petrd28
petrd30
petrd32
petrd34
petrd36
petrd38
petrd40
petrd42
petrd44
petrd46
petrd48
petrd50
petre30
petre32
petre34
petre36
petre38
petre40
petre42
petre44
petre46
petre48
petre50
petre52
petre54
petrf36
petrf38
petrf40
petrf44
petrj38
petrd37
plasd35
pmamd10
pmamd12
pmamd7
pmamd8
pmamd9
pmamf8
tnlpc32
tnlpc34
tnlpc36
tnlpd24
tnlpd28
tnlpd30
tnlpd32
tnlpd34
tnlpd36
tnlpd38
tnlpe34
trpld50
usimc52
usimd51
usimd56
usimd58
usimd60
usime55
valec34
valec36
valec38
valec40
valec42
valec44
valec46
valec48
valed32
valed34
valed36
valed38
valed40
valed42
valed44
valed46
valed48
valed50
valed52
valed54
valed56
valed58
valed60
valed62
valed64
valee38
valee42
valee44
valee46
valee48
valee50
valee52
valee54
valee56
valee58
valee60
valef56
bovaq65
bovaq68
csnaq4
ggbro80
netcp1
netcp11
petrr82
petrp34
petrp36
petrp37
petrq35
petrr38
valeo46
valep42
valep46
valeq45
